// Jest Snapshot v1, https://goo.gl/fbAQLP

exports[`theme consumer render consumer with render props 1`] = `
<div>
  asd
</div>
`;
