// Jest Snapshot v1, https://goo.gl/fbAQLP

exports[`renders <DefaultButton /> component 1`] = `
<div>
  <button
    onClick={[Function]}
    style={
      Object {
        "background": "#eeeeee",
      }
    }
    type="button"
  >
    Toggle
  </button>
</div>
`;
