// Jest Snapshot v1, https://goo.gl/fbAQLP

exports[`renders <Layout /> component 1`] = `
<React.Fragment>
  <Router
    routes={
      Array [
        Object {
          "component": [Function],
          "key": "hello",
          "path": "/hello",
        },
        Object {
          "component": [Function],
          "key": "world",
          "path": "/world",
        },
      ]
    }
  >
    <MainNav
      routes={
        Array [
          Object {
            "component": [Function],
            "key": "hello",
            "path": "/hello",
          },
          Object {
            "component": [Function],
            "key": "world",
            "path": "/world",
          },
        ]
      }
    />
  </Router>
  <div>
    default footer
  </div>
</React.Fragment>
`;
