// Jest Snapshot v1, https://goo.gl/fbAQLP

exports[`providers renders three <Providers /> components 1`] = `
<UsersProvider>
  <ProjectsProvider>
    <div>
      asd
    </div>
  </ProjectsProvider>
</UsersProvider>
`;
